

================================================================
== Vivado HLS Report for 'img_conv_5x5'
================================================================
* Date:           Thu Feb 28 11:50:12 2019

* Version:        2018.3 (Build 2405991 on Thu Dec 06 23:56:15 MST 2018)
* Project:        Assignment
* Solution:       solution1
* Product family: azynq
* Target device:  xa7z030fbv484-1i


================================================================
== Performance Estimates
================================================================
+ Timing (ns): 
    * Summary: 
    +--------+-------+----------+------------+
    |  Clock | Target| Estimated| Uncertainty|
    +--------+-------+----------+------------+
    |ap_clk  |  10.00|    11.000|        1.25|
    +--------+-------+----------+------------+

+ Latency (clock cycles): 
    * Summary: 
    +------+------+------+------+---------+
    |   Latency   |   Interval  | Pipeline|
    |  min |  max |  min |  max |   Type  |
    +------+------+------+------+---------+
    |  1948|  1948|  1948|  1948|   none  |
    +------+------+------+------+---------+

    + Detail: 
        * Instance: 
        N/A

        * Loop: 
        +-------------+------+------+----------+-----------+-----------+------+----------+
        |             |   Latency   | Iteration|  Initiation Interval  | Trip |          |
        |  Loop Name  |  min |  max |  Latency |  achieved |   target  | Count| Pipelined|
        +-------------+------+------+----------+-----------+-----------+------+----------+
        |- Loop 1     |  1947|  1947|        33|          -|          -|    59|    no    |
        | + Loop 1.1  |    30|    30|         6|          -|          -|     5|    no    |
        +-------------+------+------+----------+-----------+-----------+------+----------+



================================================================
== Utilization Estimates
================================================================
* Summary: 
+-----------------+---------+-------+--------+-------+
|       Name      | BRAM_18K| DSP48E|   FF   |  LUT  |
+-----------------+---------+-------+--------+-------+
|DSP              |        -|      3|       -|      -|
|Expression       |        -|      0|       0|    443|
|FIFO             |        -|      -|       -|      -|
|Instance         |        -|      -|       -|      -|
|Memory           |        -|      -|       -|      -|
|Multiplexer      |        -|      -|       -|    146|
|Register         |        -|      -|     210|      -|
+-----------------+---------+-------+--------+-------+
|Total            |        0|      3|     210|    589|
+-----------------+---------+-------+--------+-------+
|Available        |      530|    400|  157200|  78600|
+-----------------+---------+-------+--------+-------+
|Utilization (%)  |        0|   ~0  |   ~0   |   ~0  |
+-----------------+---------+-------+--------+-------+

+ Detail: 
    * Instance: 
    N/A

    * DSP48: 
    +-------------------------+----------------------+--------------+
    |         Instance        |        Module        |  Expression  |
    +-------------------------+----------------------+--------------+
    |img_conv_5x5_mac_bkb_U1  |img_conv_5x5_mac_bkb  | i0 + i1 * i2 |
    |img_conv_5x5_mac_bkb_U3  |img_conv_5x5_mac_bkb  | i0 + i1 * i2 |
    |img_conv_5x5_mac_cud_U2  |img_conv_5x5_mac_cud  | i0 + i1 * i2 |
    +-------------------------+----------------------+--------------+

    * Memory: 
    N/A

    * FIFO: 
    N/A

    * Expression: 
    +---------------------+----------+-------+---+-----+------------+------------+
    |    Variable Name    | Operation| DSP48E| FF| LUT | Bitwidth P0| Bitwidth P1|
    +---------------------+----------+-------+---+-----+------------+------------+
    |sum00_fu_454_p2      |     *    |      0|  0|   41|           8|           8|
    |sum33_fu_478_p2      |     *    |      0|  0|   41|           8|           8|
    |i_1_fu_272_p2        |     +    |      0|  0|   12|           3|           1|
    |p_rec_fu_252_p2      |     +    |      0|  0|   15|           6|           1|
    |sum1_fu_287_p2       |     +    |      0|  0|   15|           6|           6|
    |sum3_fu_306_p2       |     +    |      0|  0|   15|           7|           7|
    |sum5_fu_319_p2       |     +    |      0|  0|   15|           8|           8|
    |sum9_fu_332_p2       |     +    |      0|  0|   16|           9|           9|
    |sum_2_fu_520_p2      |     +    |      0|  0|   28|          21|          21|
    |tmp_10_fu_436_p2     |     +    |      0|  0|   15|           5|           5|
    |tmp_12_fu_510_p2     |     +    |      0|  0|   26|          19|          19|
    |tmp_5_fu_394_p2      |     +    |      0|  0|   13|           4|           3|
    |tmp_7_fu_404_p2      |     +    |      0|  0|   13|           4|           4|
    |tmp_9_fu_426_p2      |     +    |      0|  0|   15|           5|           4|
    |sum_1_fu_341_p2      |   ashr   |      0|  0|  101|          32|          32|
    |exitcond2_fu_246_p2  |   icmp   |      0|  0|   11|           6|           4|
    |exitcond_fu_266_p2   |   icmp   |      0|  0|    9|           3|           3|
    |icmp_fu_376_p2       |   icmp   |      0|  0|   13|          13|           1|
    |outptr_d0            |  select  |      0|  0|    8|           1|           2|
    |p_s_fu_358_p3        |  select  |      0|  0|   21|           1|           1|
    +---------------------+----------+-------+---+-----+------------+------------+
    |Total                |          |      0|  0|  443|         169|         147|
    +---------------------+----------+-------+---+-----+------------+------------+

    * Multiplexer: 
    +-------------------+----+-----------+-----+-----------+
    |        Name       | LUT| Input Size| Bits| Total Bits|
    +-------------------+----+-----------+-----+-----------+
    |IN5_0_rec_reg_186  |   9|          2|    6|         12|
    |ap_NS_fsm          |  47|         10|    1|         10|
    |i_reg_210          |   9|          2|    3|          6|
    |inptr_address0     |  21|          4|   11|         44|
    |inptr_address1     |  15|          3|   11|         33|
    |mask_address0      |  21|          4|    5|         20|
    |mask_address1      |  15|          3|    5|         15|
    |sum_reg_198        |   9|          2|   21|         42|
    +-------------------+----+-----------+-----+-----------+
    |Total              | 146|         30|   63|        182|
    +-------------------+----+-----------+-----+-----------+

    * Register: 
    +------------------------------+----+----+-----+-----------+
    |             Name             | FF | LUT| Bits| Const Bits|
    +------------------------------+----+----+-----+-----------+
    |IN5_0_rec_cast17_cas_reg_573  |   6|   0|    7|          1|
    |IN5_0_rec_cast1_reg_563       |   6|   0|    9|          3|
    |IN5_0_rec_cast2_reg_568       |   6|   0|    8|          2|
    |IN5_0_rec_reg_186             |   6|   0|    6|          0|
    |ap_CS_fsm                     |   9|   0|    9|          0|
    |i_1_reg_606                   |   3|   0|    3|          0|
    |i_cast1_reg_591               |   3|   0|    5|          2|
    |i_cast_reg_597                |   3|   0|    4|          1|
    |i_reg_210                     |   3|   0|    3|          0|
    |icmp_reg_637                  |   1|   0|    1|          0|
    |inptr_load_1_reg_667          |   8|   0|    8|          0|
    |inptr_load_2_reg_672          |   8|   0|    8|          0|
    |mask_load_1_reg_687           |   8|   0|    8|          0|
    |mask_load_2_reg_692           |   8|   0|    8|          0|
    |outptr_addr_reg_578           |   6|   0|    6|          0|
    |p_rec_reg_586                 |   6|   0|    6|          0|
    |reg_221                       |   8|   0|    8|          0|
    |reg_225                       |   8|   0|    8|          0|
    |sum33_reg_707                 |  16|   0|   16|          0|
    |sum3_reg_616                  |   7|   0|    7|          0|
    |sum5_reg_622                  |   8|   0|    8|          0|
    |sum9_reg_627                  |   9|   0|    9|          0|
    |sum_reg_198                   |  21|   0|   21|          0|
    |tmp7_reg_712                  |  17|   0|   17|          0|
    |tmp8_reg_717                  |  18|   0|   18|          0|
    |tmp_13_reg_642                |   8|   0|    8|          0|
    +------------------------------+----+----+-----+-----------+
    |Total                         | 210|   0|  219|          9|
    +------------------------------+----+----+-----+-----------+



================================================================
== Interface
================================================================
* Summary: 
+-----------------+-----+-----+------------+--------------+--------------+
|    RTL Ports    | Dir | Bits|  Protocol  | Source Object|    C Type    |
+-----------------+-----+-----+------------+--------------+--------------+
|ap_clk           |  in |    1| ap_ctrl_hs | img_conv_5x5 | return value |
|ap_rst           |  in |    1| ap_ctrl_hs | img_conv_5x5 | return value |
|ap_start         |  in |    1| ap_ctrl_hs | img_conv_5x5 | return value |
|ap_done          | out |    1| ap_ctrl_hs | img_conv_5x5 | return value |
|ap_idle          | out |    1| ap_ctrl_hs | img_conv_5x5 | return value |
|ap_ready         | out |    1| ap_ctrl_hs | img_conv_5x5 | return value |
|inptr_address0   | out |   11|  ap_memory |     inptr    |     array    |
|inptr_ce0        | out |    1|  ap_memory |     inptr    |     array    |
|inptr_q0         |  in |    8|  ap_memory |     inptr    |     array    |
|inptr_address1   | out |   11|  ap_memory |     inptr    |     array    |
|inptr_ce1        | out |    1|  ap_memory |     inptr    |     array    |
|inptr_q1         |  in |    8|  ap_memory |     inptr    |     array    |
|outptr_address0  | out |    6|  ap_memory |    outptr    |     array    |
|outptr_ce0       | out |    1|  ap_memory |    outptr    |     array    |
|outptr_we0       | out |    1|  ap_memory |    outptr    |     array    |
|outptr_d0        | out |    8|  ap_memory |    outptr    |     array    |
|mask_address0    | out |    5|  ap_memory |     mask     |     array    |
|mask_ce0         | out |    1|  ap_memory |     mask     |     array    |
|mask_q0          |  in |    8|  ap_memory |     mask     |     array    |
|mask_address1    | out |    5|  ap_memory |     mask     |     array    |
|mask_ce1         | out |    1|  ap_memory |     mask     |     array    |
|mask_q1          |  in |    8|  ap_memory |     mask     |     array    |
|shift            |  in |   32|   ap_none  |     shift    |    scalar    |
+-----------------+-----+-----+------------+--------------+--------------+

