

================================================================
== Vivado HLS Report for 'img_conv_5x5'
================================================================
* Date:           Sat Mar  9 10:48:29 2019

* Version:        2018.3 (Build 2405991 on Thu Dec 06 23:56:15 MST 2018)
* Project:        AsignmentProj2
* Solution:       solution1
* Product family: azynq
* Target device:  xa7z030fbv484-1i


================================================================
== Performance Estimates
================================================================
+ Timing (ns): 
    * Summary: 
    +--------+-------+----------+------------+
    |  Clock | Target| Estimated| Uncertainty|
    +--------+-------+----------+------------+
    |ap_clk  |  10.00|    11.000|        1.25|
    +--------+-------+----------+------------+

+ Latency (clock cycles): 
    * Summary: 
    +------+------+------+------+---------+
    |   Latency   |   Interval  | Pipeline|
    |  min |  max |  min |  max |   Type  |
    +------+------+------+------+---------+
    |  1921|  1921|  1921|  1921|   none  |
    +------+------+------+------+---------+

    + Detail: 
        * Instance: 
        N/A

        * Loop: 
        +-------------+------+------+----------+-----------+-----------+------+----------+
        |             |   Latency   | Iteration|  Initiation Interval  | Trip |          |
        |  Loop Name  |  min |  max |  Latency |  achieved |   target  | Count| Pipelined|
        +-------------+------+------+----------+-----------+-----------+------+----------+
        |- Loop 1     |  1920|  1920|        32|          -|          -|    60|    no    |
        | + Loop 1.1  |    30|    30|         6|          -|          -|     5|    no    |
        +-------------+------+------+----------+-----------+-----------+------+----------+

============================================================
+ Verbose Summary: Synthesis Manager
============================================================
InlineROM: 1
ExposeGlobal: 0
============================================================
+ Verbose Summary: CDFG Model
============================================================
IsTopModel: 0
ResetActiveHigh: 1
IsCombinational: 0
IsDatapathOnly: 0
HasWiredReturn: 1
HasMFsm: 0
HasVarLatency: 1
IsPipeline: 0
IsRtlPipelined: 0
IsInstanceOverlapped: 0
IsDontTouch: 0
HasImplIP: 0
IsGatedGlobalClock: 0


============================================================
+ Verbose Summary: Schedule
============================================================
* Number of FSM states : 8
* Pipeline : 0
* Dataflow Pipeline: 0

* FSM state transitions: 
1 --> 
	2  / true
2 --> 
	3  / (!exitcond2)
3 --> 
	4  / (!exitcond)
	2  / (exitcond)
4 --> 
	5  / true
5 --> 
	6  / true
6 --> 
	7  / true
7 --> 
	8  / true
8 --> 
	3  / true

* FSM state operations: 

State 1 <SV = 0> <Delay = 1.76>
ST_1 : Operation 9 [1/1] (0.00ns)   --->   "%y_read = call i5 @_ssdm_op_Read.ap_auto.i5(i5 %y)" [img_conv_5x5.c:20]   --->   Operation 9 'read' 'y_read' <Predicate = true> <Delay = 0.00>
ST_1 : Operation 10 [1/1] (1.76ns)   --->   "br label %1" [img_conv_5x5.c:49]   --->   Operation 10 'br' <Predicate = true> <Delay = 1.76>

State 2 <SV = 1> <Delay = 1.82>
ST_2 : Operation 11 [1/1] (0.00ns)   --->   "%IN4_0_rec = phi i6 [ 0, %0 ], [ %p_rec, %3 ]" [img_conv_5x5.c:80]   --->   Operation 11 'phi' 'IN4_0_rec' <Predicate = true> <Delay = 0.00>
ST_2 : Operation 12 [1/1] (0.00ns)   --->   "%IN4_0_rec_cast1 = zext i6 %IN4_0_rec to i11" [img_conv_5x5.c:80]   --->   Operation 12 'zext' 'IN4_0_rec_cast1' <Predicate = true> <Delay = 0.00>
ST_2 : Operation 13 [1/1] (0.00ns)   --->   "%IN4_0_rec_cast = zext i6 %IN4_0_rec to i64" [img_conv_5x5.c:80]   --->   Operation 13 'zext' 'IN4_0_rec_cast' <Predicate = true> <Delay = 0.00>
ST_2 : Operation 14 [1/1] (0.00ns)   --->   "%outptr_addr = getelementptr [60 x i8]* %outptr, i64 0, i64 %IN4_0_rec_cast" [img_conv_5x5.c:80]   --->   Operation 14 'getelementptr' 'outptr_addr' <Predicate = true> <Delay = 0.00>
ST_2 : Operation 15 [1/1] (0.00ns)   --->   "%empty = call i32 (...)* @_ssdm_op_SpecLoopTripCount(i64 60, i64 60, i64 60)"   --->   Operation 15 'speclooptripcount' 'empty' <Predicate = true> <Delay = 0.00>
ST_2 : Operation 16 [1/1] (1.42ns)   --->   "%exitcond2 = icmp eq i6 %IN4_0_rec, -4" [img_conv_5x5.c:49]   --->   Operation 16 'icmp' 'exitcond2' <Predicate = true> <Delay = 1.42> <Core = "Cmp">   --->   Core 25 'Cmp' <Latency = 0> <II = 1> <Delay = 2.09> <FuncUnit> <Opcode : 'icmp'> <InPorts = 2> <OutPorts = 1>
ST_2 : Operation 17 [1/1] (1.82ns)   --->   "%p_rec = add i6 %IN4_0_rec, 1" [img_conv_5x5.c:80]   --->   Operation 17 'add' 'p_rec' <Predicate = true> <Delay = 1.82> <Core = "AddSub">   --->   Core 14 'AddSub' <Latency = 0> <II = 1> <Delay = 2.22> <FuncUnit> <Opcode : 'add' 'sub'> <InPorts = 2> <OutPorts = 1>
ST_2 : Operation 18 [1/1] (0.00ns)   --->   "br i1 %exitcond2, label %4, label %.preheader.preheader" [img_conv_5x5.c:49]   --->   Operation 18 'br' <Predicate = true> <Delay = 0.00>
ST_2 : Operation 19 [1/1] (1.76ns)   --->   "br label %.preheader" [img_conv_5x5.c:53]   --->   Operation 19 'br' <Predicate = (!exitcond2)> <Delay = 1.76>
ST_2 : Operation 20 [1/1] (0.00ns)   --->   "ret void" [img_conv_5x5.c:91]   --->   Operation 20 'ret' <Predicate = (exitcond2)> <Delay = 0.00>

State 3 <SV = 2> <Delay = 7.16>
ST_3 : Operation 21 [1/1] (0.00ns)   --->   "%sum = phi i21 [ %sum_1, %2 ], [ 0, %.preheader.preheader ]"   --->   Operation 21 'phi' 'sum' <Predicate = true> <Delay = 0.00>
ST_3 : Operation 22 [1/1] (0.00ns)   --->   "%i = phi i3 [ %i_1, %2 ], [ 0, %.preheader.preheader ]"   --->   Operation 22 'phi' 'i' <Predicate = true> <Delay = 0.00>
ST_3 : Operation 23 [1/1] (0.00ns)   --->   "%i_cast1 = zext i3 %i to i5" [img_conv_5x5.c:53]   --->   Operation 23 'zext' 'i_cast1' <Predicate = true> <Delay = 0.00>
ST_3 : Operation 24 [1/1] (0.00ns)   --->   "%i_cast = zext i3 %i to i4" [img_conv_5x5.c:53]   --->   Operation 24 'zext' 'i_cast' <Predicate = true> <Delay = 0.00>
ST_3 : Operation 25 [1/1] (1.13ns)   --->   "%exitcond = icmp eq i3 %i, -3" [img_conv_5x5.c:53]   --->   Operation 25 'icmp' 'exitcond' <Predicate = true> <Delay = 1.13> <Core = "Cmp">   --->   Core 25 'Cmp' <Latency = 0> <II = 1> <Delay = 2.09> <FuncUnit> <Opcode : 'icmp'> <InPorts = 2> <OutPorts = 1>
ST_3 : Operation 26 [1/1] (0.00ns)   --->   "%empty_5 = call i32 (...)* @_ssdm_op_SpecLoopTripCount(i64 5, i64 5, i64 5)"   --->   Operation 26 'speclooptripcount' 'empty_5' <Predicate = true> <Delay = 0.00>
ST_3 : Operation 27 [1/1] (1.65ns)   --->   "%i_1 = add i3 %i, 1" [img_conv_5x5.c:53]   --->   Operation 27 'add' 'i_1' <Predicate = true> <Delay = 1.65> <Core = "AddSub">   --->   Core 14 'AddSub' <Latency = 0> <II = 1> <Delay = 2.22> <FuncUnit> <Opcode : 'add' 'sub'> <InPorts = 2> <OutPorts = 1>
ST_3 : Operation 28 [1/1] (0.00ns)   --->   "br i1 %exitcond, label %3, label %2" [img_conv_5x5.c:53]   --->   Operation 28 'br' <Predicate = true> <Delay = 0.00>
ST_3 : Operation 29 [1/1] (0.00ns)   --->   "%tmp_6 = zext i3 %i to i64" [img_conv_5x5.c:56]   --->   Operation 29 'zext' 'tmp_6' <Predicate = (!exitcond)> <Delay = 0.00>
ST_3 : Operation 30 [1/1] (0.00ns)   --->   "%tmp3 = call i11 @_ssdm_op_BitConcatenate.i11.i5.i3.i3(i5 %y_read, i3 0, i3 %i)" [img_conv_5x5.c:56]   --->   Operation 30 'bitconcatenate' 'tmp3' <Predicate = (!exitcond)> <Delay = 0.00>
ST_3 : Operation 31 [1/1] (1.97ns)   --->   "%sum1 = add i11 %tmp3, %IN4_0_rec_cast1" [img_conv_5x5.c:56]   --->   Operation 31 'add' 'sum1' <Predicate = (!exitcond)> <Delay = 1.97> <Core = "AddSub">   --->   Core 14 'AddSub' <Latency = 0> <II = 1> <Delay = 2.22> <FuncUnit> <Opcode : 'add' 'sub'> <InPorts = 2> <OutPorts = 1>
ST_3 : Operation 32 [1/1] (0.00ns)   --->   "%sum1_cast = zext i11 %sum1 to i64" [img_conv_5x5.c:56]   --->   Operation 32 'zext' 'sum1_cast' <Predicate = (!exitcond)> <Delay = 0.00>
ST_3 : Operation 33 [1/1] (0.00ns)   --->   "%inptr_addr = getelementptr [2048 x i8]* %inptr, i64 0, i64 %sum1_cast" [img_conv_5x5.c:56]   --->   Operation 33 'getelementptr' 'inptr_addr' <Predicate = (!exitcond)> <Delay = 0.00>
ST_3 : Operation 34 [2/2] (3.25ns)   --->   "%inptr_load = load i8* %inptr_addr, align 1" [img_conv_5x5.c:56]   --->   Operation 34 'load' 'inptr_load' <Predicate = (!exitcond)> <Delay = 3.25> <Core = "RAM">   --->   Core 37 'RAM' <Latency = 1> <II = 1> <Delay = 2.32> <Storage> <Opcode : 'load' 'store'> <Ports = 2> <Width = 8> <Depth = 60> <RAM>
ST_3 : Operation 35 [1/1] (0.00ns)   --->   "%mask_addr = getelementptr [25 x i8]* %mask, i64 0, i64 %tmp_6" [img_conv_5x5.c:62]   --->   Operation 35 'getelementptr' 'mask_addr' <Predicate = (!exitcond)> <Delay = 0.00>
ST_3 : Operation 36 [2/2] (2.32ns)   --->   "%mask_load = load i8* %mask_addr, align 1" [img_conv_5x5.c:62]   --->   Operation 36 'load' 'mask_load' <Predicate = (!exitcond)> <Delay = 2.32> <Core = "RAM">   --->   Core 37 'RAM' <Latency = 1> <II = 1> <Delay = 2.32> <Storage> <Opcode : 'load' 'store'> <Ports = 2> <Width = 8> <Depth = 60> <RAM>
ST_3 : Operation 37 [1/1] (0.00ns)   --->   "%tmp_2 = call i1 @_ssdm_op_BitSelect.i1.i21.i32(i21 %sum, i32 20)" [img_conv_5x5.c:85]   --->   Operation 37 'bitselect' 'tmp_2' <Predicate = (exitcond)> <Delay = 0.00>
ST_3 : Operation 38 [1/1] (1.37ns)   --->   "%p_s = select i1 %tmp_2, i21 0, i21 %sum" [img_conv_5x5.c:85]   --->   Operation 38 'select' 'p_s' <Predicate = (exitcond)> <Delay = 1.37> <Core = "Sel">   --->   Core 26 'Sel' <Latency = 0> <II = 1> <Delay = 1.37> <FuncUnit> <Opcode : 'select'> <InPorts = 3> <OutPorts = 1>
ST_3 : Operation 39 [1/1] (0.00ns)   --->   "%tmp_3 = call i13 @_ssdm_op_PartSelect.i13.i21.i32.i32(i21 %p_s, i32 8, i32 20)" [img_conv_5x5.c:86]   --->   Operation 39 'partselect' 'tmp_3' <Predicate = (exitcond)> <Delay = 0.00>
ST_3 : Operation 40 [1/1] (2.09ns)   --->   "%icmp = icmp ne i13 %tmp_3, 0" [img_conv_5x5.c:86]   --->   Operation 40 'icmp' 'icmp' <Predicate = (exitcond)> <Delay = 2.09> <Core = "Cmp">   --->   Core 25 'Cmp' <Latency = 0> <II = 1> <Delay = 2.09> <FuncUnit> <Opcode : 'icmp'> <InPorts = 2> <OutPorts = 1>
ST_3 : Operation 41 [1/1] (0.00ns)   --->   "%tmp_4 = trunc i21 %p_s to i8" [img_conv_5x5.c:88]   --->   Operation 41 'trunc' 'tmp_4' <Predicate = (exitcond)> <Delay = 0.00>
ST_3 : Operation 42 [1/1] (1.37ns)   --->   "%tmp_5 = select i1 %icmp, i8 -1, i8 %tmp_4" [img_conv_5x5.c:88]   --->   Operation 42 'select' 'tmp_5' <Predicate = (exitcond)> <Delay = 1.37> <Core = "Sel">   --->   Core 26 'Sel' <Latency = 0> <II = 1> <Delay = 1.37> <FuncUnit> <Opcode : 'select'> <InPorts = 3> <OutPorts = 1>
ST_3 : Operation 43 [1/1] (2.32ns)   --->   "store i8 %tmp_5, i8* %outptr_addr, align 1" [img_conv_5x5.c:88]   --->   Operation 43 'store' <Predicate = (exitcond)> <Delay = 2.32> <Core = "RAM">   --->   Core 37 'RAM' <Latency = 1> <II = 1> <Delay = 2.32> <Storage> <Opcode : 'load' 'store'> <Ports = 2> <Width = 8> <Depth = 60> <RAM>
ST_3 : Operation 44 [1/1] (0.00ns)   --->   "br label %1" [img_conv_5x5.c:49]   --->   Operation 44 'br' <Predicate = (exitcond)> <Delay = 0.00>

State 4 <SV = 3> <Delay = 5.22>
ST_4 : Operation 45 [1/2] (3.25ns)   --->   "%inptr_load = load i8* %inptr_addr, align 1" [img_conv_5x5.c:56]   --->   Operation 45 'load' 'inptr_load' <Predicate = true> <Delay = 3.25> <Core = "RAM">   --->   Core 37 'RAM' <Latency = 1> <II = 1> <Delay = 2.32> <Storage> <Opcode : 'load' 'store'> <Ports = 2> <Width = 8> <Depth = 60> <RAM>
ST_4 : Operation 46 [1/1] (0.00ns)   --->   "%tmp4 = call i11 @_ssdm_op_BitConcatenate.i11.i5.i6(i5 %y_read, i6 %IN4_0_rec)" [img_conv_5x5.c:57]   --->   Operation 46 'bitconcatenate' 'tmp4' <Predicate = true> <Delay = 0.00>
ST_4 : Operation 47 [1/1] (0.00ns)   --->   "%tmp = call i7 @_ssdm_op_BitConcatenate.i7.i4.i3(i4 -8, i3 %i)" [img_conv_5x5.c:57]   --->   Operation 47 'bitconcatenate' 'tmp' <Predicate = true> <Delay = 0.00>
ST_4 : Operation 48 [1/1] (0.00ns)   --->   "%tmp5_cast = zext i7 %tmp to i11" [img_conv_5x5.c:57]   --->   Operation 48 'zext' 'tmp5_cast' <Predicate = true> <Delay = 0.00>
ST_4 : Operation 49 [1/1] (1.97ns)   --->   "%sum3 = add i11 %tmp5_cast, %tmp4" [img_conv_5x5.c:57]   --->   Operation 49 'add' 'sum3' <Predicate = true> <Delay = 1.97> <Core = "AddSub">   --->   Core 14 'AddSub' <Latency = 0> <II = 1> <Delay = 2.22> <FuncUnit> <Opcode : 'add' 'sub'> <InPorts = 2> <OutPorts = 1>
ST_4 : Operation 50 [1/1] (0.00ns)   --->   "%sum3_cast = zext i11 %sum3 to i64" [img_conv_5x5.c:57]   --->   Operation 50 'zext' 'sum3_cast' <Predicate = true> <Delay = 0.00>
ST_4 : Operation 51 [1/1] (0.00ns)   --->   "%inptr_addr_1 = getelementptr [2048 x i8]* %inptr, i64 0, i64 %sum3_cast" [img_conv_5x5.c:57]   --->   Operation 51 'getelementptr' 'inptr_addr_1' <Predicate = true> <Delay = 0.00>
ST_4 : Operation 52 [2/2] (3.25ns)   --->   "%inptr_load_1 = load i8* %inptr_addr_1, align 1" [img_conv_5x5.c:57]   --->   Operation 52 'load' 'inptr_load_1' <Predicate = true> <Delay = 3.25> <Core = "RAM">   --->   Core 37 'RAM' <Latency = 1> <II = 1> <Delay = 2.32> <Storage> <Opcode : 'load' 'store'> <Ports = 2> <Width = 8> <Depth = 60> <RAM>
ST_4 : Operation 53 [1/1] (0.00ns)   --->   "%tmp1 = call i8 @_ssdm_op_BitConcatenate.i8.i5.i3(i5 -16, i3 %i)" [img_conv_5x5.c:58]   --->   Operation 53 'bitconcatenate' 'tmp1' <Predicate = true> <Delay = 0.00>
ST_4 : Operation 54 [1/1] (0.00ns)   --->   "%tmp7_cast = zext i8 %tmp1 to i11" [img_conv_5x5.c:58]   --->   Operation 54 'zext' 'tmp7_cast' <Predicate = true> <Delay = 0.00>
ST_4 : Operation 55 [1/1] (1.97ns)   --->   "%sum5 = add i11 %tmp7_cast, %tmp4" [img_conv_5x5.c:58]   --->   Operation 55 'add' 'sum5' <Predicate = true> <Delay = 1.97> <Core = "AddSub">   --->   Core 14 'AddSub' <Latency = 0> <II = 1> <Delay = 2.22> <FuncUnit> <Opcode : 'add' 'sub'> <InPorts = 2> <OutPorts = 1>
ST_4 : Operation 56 [1/1] (0.00ns)   --->   "%sum5_cast = zext i11 %sum5 to i64" [img_conv_5x5.c:58]   --->   Operation 56 'zext' 'sum5_cast' <Predicate = true> <Delay = 0.00>
ST_4 : Operation 57 [1/1] (0.00ns)   --->   "%inptr_addr_2 = getelementptr [2048 x i8]* %inptr, i64 0, i64 %sum5_cast" [img_conv_5x5.c:58]   --->   Operation 57 'getelementptr' 'inptr_addr_2' <Predicate = true> <Delay = 0.00>
ST_4 : Operation 58 [2/2] (3.25ns)   --->   "%inptr_load_2 = load i8* %inptr_addr_2, align 1" [img_conv_5x5.c:58]   --->   Operation 58 'load' 'inptr_load_2' <Predicate = true> <Delay = 3.25> <Core = "RAM">   --->   Core 37 'RAM' <Latency = 1> <II = 1> <Delay = 2.32> <Storage> <Opcode : 'load' 'store'> <Ports = 2> <Width = 8> <Depth = 60> <RAM>
ST_4 : Operation 59 [1/2] (2.32ns)   --->   "%mask_load = load i8* %mask_addr, align 1" [img_conv_5x5.c:62]   --->   Operation 59 'load' 'mask_load' <Predicate = true> <Delay = 2.32> <Core = "RAM">   --->   Core 37 'RAM' <Latency = 1> <II = 1> <Delay = 2.32> <Storage> <Opcode : 'load' 'store'> <Ports = 2> <Width = 8> <Depth = 60> <RAM>
ST_4 : Operation 60 [1/1] (1.73ns)   --->   "%tmp_7 = add i4 %i_cast, 5" [img_conv_5x5.c:63]   --->   Operation 60 'add' 'tmp_7' <Predicate = true> <Delay = 1.73> <Core = "AddSub">   --->   Core 14 'AddSub' <Latency = 0> <II = 1> <Delay = 2.22> <FuncUnit> <Opcode : 'add' 'sub'> <InPorts = 2> <OutPorts = 1>
ST_4 : Operation 61 [1/1] (0.00ns)   --->   "%tmp_8 = zext i4 %tmp_7 to i64" [img_conv_5x5.c:63]   --->   Operation 61 'zext' 'tmp_8' <Predicate = true> <Delay = 0.00>
ST_4 : Operation 62 [1/1] (0.00ns)   --->   "%mask_addr_1 = getelementptr [25 x i8]* %mask, i64 0, i64 %tmp_8" [img_conv_5x5.c:63]   --->   Operation 62 'getelementptr' 'mask_addr_1' <Predicate = true> <Delay = 0.00>
ST_4 : Operation 63 [2/2] (2.32ns)   --->   "%mask_load_1 = load i8* %mask_addr_1, align 1" [img_conv_5x5.c:63]   --->   Operation 63 'load' 'mask_load_1' <Predicate = true> <Delay = 2.32> <Core = "RAM">   --->   Core 37 'RAM' <Latency = 1> <II = 1> <Delay = 2.32> <Storage> <Opcode : 'load' 'store'> <Ports = 2> <Width = 8> <Depth = 60> <RAM>
ST_4 : Operation 64 [1/1] (1.73ns)   --->   "%tmp_9 = add i4 %i_cast, -6" [img_conv_5x5.c:64]   --->   Operation 64 'add' 'tmp_9' <Predicate = true> <Delay = 1.73> <Core = "AddSub">   --->   Core 14 'AddSub' <Latency = 0> <II = 1> <Delay = 2.22> <FuncUnit> <Opcode : 'add' 'sub'> <InPorts = 2> <OutPorts = 1>
ST_4 : Operation 65 [1/1] (0.00ns)   --->   "%tmp_s = zext i4 %tmp_9 to i64" [img_conv_5x5.c:64]   --->   Operation 65 'zext' 'tmp_s' <Predicate = true> <Delay = 0.00>
ST_4 : Operation 66 [1/1] (0.00ns)   --->   "%mask_addr_2 = getelementptr [25 x i8]* %mask, i64 0, i64 %tmp_s" [img_conv_5x5.c:64]   --->   Operation 66 'getelementptr' 'mask_addr_2' <Predicate = true> <Delay = 0.00>
ST_4 : Operation 67 [2/2] (2.32ns)   --->   "%mask_load_2 = load i8* %mask_addr_2, align 1" [img_conv_5x5.c:64]   --->   Operation 67 'load' 'mask_load_2' <Predicate = true> <Delay = 2.32> <Core = "RAM">   --->   Core 37 'RAM' <Latency = 1> <II = 1> <Delay = 2.32> <Storage> <Opcode : 'load' 'store'> <Ports = 2> <Width = 8> <Depth = 60> <RAM>

State 5 <SV = 4> <Delay = 5.22>
ST_5 : Operation 68 [1/2] (3.25ns)   --->   "%inptr_load_1 = load i8* %inptr_addr_1, align 1" [img_conv_5x5.c:57]   --->   Operation 68 'load' 'inptr_load_1' <Predicate = true> <Delay = 3.25> <Core = "RAM">   --->   Core 37 'RAM' <Latency = 1> <II = 1> <Delay = 2.32> <Storage> <Opcode : 'load' 'store'> <Ports = 2> <Width = 8> <Depth = 60> <RAM>
ST_5 : Operation 69 [1/2] (3.25ns)   --->   "%inptr_load_2 = load i8* %inptr_addr_2, align 1" [img_conv_5x5.c:58]   --->   Operation 69 'load' 'inptr_load_2' <Predicate = true> <Delay = 3.25> <Core = "RAM">   --->   Core 37 'RAM' <Latency = 1> <II = 1> <Delay = 2.32> <Storage> <Opcode : 'load' 'store'> <Ports = 2> <Width = 8> <Depth = 60> <RAM>
ST_5 : Operation 70 [1/1] (0.00ns)   --->   "%tmp9_cast1 = sext i7 %tmp to i8" [img_conv_5x5.c:59]   --->   Operation 70 'sext' 'tmp9_cast1' <Predicate = true> <Delay = 0.00>
ST_5 : Operation 71 [1/1] (0.00ns)   --->   "%tmp9_cast = zext i8 %tmp9_cast1 to i11" [img_conv_5x5.c:59]   --->   Operation 71 'zext' 'tmp9_cast' <Predicate = true> <Delay = 0.00>
ST_5 : Operation 72 [1/1] (1.97ns)   --->   "%sum7 = add i11 %tmp9_cast, %tmp4" [img_conv_5x5.c:59]   --->   Operation 72 'add' 'sum7' <Predicate = true> <Delay = 1.97> <Core = "AddSub">   --->   Core 14 'AddSub' <Latency = 0> <II = 1> <Delay = 2.22> <FuncUnit> <Opcode : 'add' 'sub'> <InPorts = 2> <OutPorts = 1>
ST_5 : Operation 73 [1/1] (0.00ns)   --->   "%sum7_cast = zext i11 %sum7 to i64" [img_conv_5x5.c:59]   --->   Operation 73 'zext' 'sum7_cast' <Predicate = true> <Delay = 0.00>
ST_5 : Operation 74 [1/1] (0.00ns)   --->   "%inptr_addr_3 = getelementptr [2048 x i8]* %inptr, i64 0, i64 %sum7_cast" [img_conv_5x5.c:59]   --->   Operation 74 'getelementptr' 'inptr_addr_3' <Predicate = true> <Delay = 0.00>
ST_5 : Operation 75 [2/2] (3.25ns)   --->   "%inptr_load_3 = load i8* %inptr_addr_3, align 1" [img_conv_5x5.c:59]   --->   Operation 75 'load' 'inptr_load_3' <Predicate = true> <Delay = 3.25> <Core = "RAM">   --->   Core 37 'RAM' <Latency = 1> <II = 1> <Delay = 2.32> <Storage> <Opcode : 'load' 'store'> <Ports = 2> <Width = 8> <Depth = 60> <RAM>
ST_5 : Operation 76 [1/1] (0.00ns)   --->   "%tmp7 = call i9 @_ssdm_op_BitConcatenate.i9.i6.i3(i6 -32, i3 %i)" [img_conv_5x5.c:60]   --->   Operation 76 'bitconcatenate' 'tmp7' <Predicate = true> <Delay = 0.00>
ST_5 : Operation 77 [1/1] (0.00ns)   --->   "%tmp11_cast = zext i9 %tmp7 to i11" [img_conv_5x5.c:60]   --->   Operation 77 'zext' 'tmp11_cast' <Predicate = true> <Delay = 0.00>
ST_5 : Operation 78 [1/1] (1.97ns)   --->   "%sum9 = add i11 %tmp11_cast, %tmp4" [img_conv_5x5.c:60]   --->   Operation 78 'add' 'sum9' <Predicate = true> <Delay = 1.97> <Core = "AddSub">   --->   Core 14 'AddSub' <Latency = 0> <II = 1> <Delay = 2.22> <FuncUnit> <Opcode : 'add' 'sub'> <InPorts = 2> <OutPorts = 1>
ST_5 : Operation 79 [1/1] (0.00ns)   --->   "%sum9_cast = zext i11 %sum9 to i64" [img_conv_5x5.c:60]   --->   Operation 79 'zext' 'sum9_cast' <Predicate = true> <Delay = 0.00>
ST_5 : Operation 80 [1/1] (0.00ns)   --->   "%inptr_addr_4 = getelementptr [2048 x i8]* %inptr, i64 0, i64 %sum9_cast" [img_conv_5x5.c:60]   --->   Operation 80 'getelementptr' 'inptr_addr_4' <Predicate = true> <Delay = 0.00>
ST_5 : Operation 81 [2/2] (3.25ns)   --->   "%inptr_load_4 = load i8* %inptr_addr_4, align 1" [img_conv_5x5.c:60]   --->   Operation 81 'load' 'inptr_load_4' <Predicate = true> <Delay = 3.25> <Core = "RAM">   --->   Core 37 'RAM' <Latency = 1> <II = 1> <Delay = 2.32> <Storage> <Opcode : 'load' 'store'> <Ports = 2> <Width = 8> <Depth = 60> <RAM>
ST_5 : Operation 82 [1/2] (2.32ns)   --->   "%mask_load_1 = load i8* %mask_addr_1, align 1" [img_conv_5x5.c:63]   --->   Operation 82 'load' 'mask_load_1' <Predicate = true> <Delay = 2.32> <Core = "RAM">   --->   Core 37 'RAM' <Latency = 1> <II = 1> <Delay = 2.32> <Storage> <Opcode : 'load' 'store'> <Ports = 2> <Width = 8> <Depth = 60> <RAM>
ST_5 : Operation 83 [1/2] (2.32ns)   --->   "%mask_load_2 = load i8* %mask_addr_2, align 1" [img_conv_5x5.c:64]   --->   Operation 83 'load' 'mask_load_2' <Predicate = true> <Delay = 2.32> <Core = "RAM">   --->   Core 37 'RAM' <Latency = 1> <II = 1> <Delay = 2.32> <Storage> <Opcode : 'load' 'store'> <Ports = 2> <Width = 8> <Depth = 60> <RAM>
ST_5 : Operation 84 [1/1] (1.78ns)   --->   "%tmp_1 = add i5 %i_cast1, 15" [img_conv_5x5.c:65]   --->   Operation 84 'add' 'tmp_1' <Predicate = true> <Delay = 1.78> <Core = "AddSub">   --->   Core 14 'AddSub' <Latency = 0> <II = 1> <Delay = 2.22> <FuncUnit> <Opcode : 'add' 'sub'> <InPorts = 2> <OutPorts = 1>
ST_5 : Operation 85 [1/1] (0.00ns)   --->   "%tmp_10 = zext i5 %tmp_1 to i64" [img_conv_5x5.c:65]   --->   Operation 85 'zext' 'tmp_10' <Predicate = true> <Delay = 0.00>
ST_5 : Operation 86 [1/1] (0.00ns)   --->   "%mask_addr_3 = getelementptr [25 x i8]* %mask, i64 0, i64 %tmp_10" [img_conv_5x5.c:65]   --->   Operation 86 'getelementptr' 'mask_addr_3' <Predicate = true> <Delay = 0.00>
ST_5 : Operation 87 [2/2] (2.32ns)   --->   "%mask_load_3 = load i8* %mask_addr_3, align 1" [img_conv_5x5.c:65]   --->   Operation 87 'load' 'mask_load_3' <Predicate = true> <Delay = 2.32> <Core = "RAM">   --->   Core 37 'RAM' <Latency = 1> <II = 1> <Delay = 2.32> <Storage> <Opcode : 'load' 'store'> <Ports = 2> <Width = 8> <Depth = 60> <RAM>
ST_5 : Operation 88 [1/1] (1.78ns)   --->   "%tmp_11 = add i5 %i_cast1, -12" [img_conv_5x5.c:66]   --->   Operation 88 'add' 'tmp_11' <Predicate = true> <Delay = 1.78> <Core = "AddSub">   --->   Core 14 'AddSub' <Latency = 0> <II = 1> <Delay = 2.22> <FuncUnit> <Opcode : 'add' 'sub'> <InPorts = 2> <OutPorts = 1>
ST_5 : Operation 89 [1/1] (0.00ns)   --->   "%tmp_12 = zext i5 %tmp_11 to i64" [img_conv_5x5.c:66]   --->   Operation 89 'zext' 'tmp_12' <Predicate = true> <Delay = 0.00>
ST_5 : Operation 90 [1/1] (0.00ns)   --->   "%mask_addr_4 = getelementptr [25 x i8]* %mask, i64 0, i64 %tmp_12" [img_conv_5x5.c:66]   --->   Operation 90 'getelementptr' 'mask_addr_4' <Predicate = true> <Delay = 0.00>
ST_5 : Operation 91 [2/2] (2.32ns)   --->   "%mask_load_4 = load i8* %mask_addr_4, align 1" [img_conv_5x5.c:66]   --->   Operation 91 'load' 'mask_load_4' <Predicate = true> <Delay = 2.32> <Core = "RAM">   --->   Core 37 'RAM' <Latency = 1> <II = 1> <Delay = 2.32> <Storage> <Opcode : 'load' 'store'> <Ports = 2> <Width = 8> <Depth = 60> <RAM>

State 6 <SV = 5> <Delay = 7.99>
ST_6 : Operation 92 [1/2] (3.25ns)   --->   "%inptr_load_3 = load i8* %inptr_addr_3, align 1" [img_conv_5x5.c:59]   --->   Operation 92 'load' 'inptr_load_3' <Predicate = true> <Delay = 3.25> <Core = "RAM">   --->   Core 37 'RAM' <Latency = 1> <II = 1> <Delay = 2.32> <Storage> <Opcode : 'load' 'store'> <Ports = 2> <Width = 8> <Depth = 60> <RAM>
ST_6 : Operation 93 [1/2] (3.25ns)   --->   "%inptr_load_4 = load i8* %inptr_addr_4, align 1" [img_conv_5x5.c:60]   --->   Operation 93 'load' 'inptr_load_4' <Predicate = true> <Delay = 3.25> <Core = "RAM">   --->   Core 37 'RAM' <Latency = 1> <II = 1> <Delay = 2.32> <Storage> <Opcode : 'load' 'store'> <Ports = 2> <Width = 8> <Depth = 60> <RAM>
ST_6 : Operation 94 [1/2] (2.32ns)   --->   "%mask_load_3 = load i8* %mask_addr_3, align 1" [img_conv_5x5.c:65]   --->   Operation 94 'load' 'mask_load_3' <Predicate = true> <Delay = 2.32> <Core = "RAM">   --->   Core 37 'RAM' <Latency = 1> <II = 1> <Delay = 2.32> <Storage> <Opcode : 'load' 'store'> <Ports = 2> <Width = 8> <Depth = 60> <RAM>
ST_6 : Operation 95 [1/2] (2.32ns)   --->   "%mask_load_4 = load i8* %mask_addr_4, align 1" [img_conv_5x5.c:66]   --->   Operation 95 'load' 'mask_load_4' <Predicate = true> <Delay = 2.32> <Core = "RAM">   --->   Core 37 'RAM' <Latency = 1> <II = 1> <Delay = 2.32> <Storage> <Opcode : 'load' 'store'> <Ports = 2> <Width = 8> <Depth = 60> <RAM>
ST_6 : Operation 96 [1/1] (0.00ns)   --->   "%tmp_14_cast = zext i8 %inptr_load to i16" [img_conv_5x5.c:68]   --->   Operation 96 'zext' 'tmp_14_cast' <Predicate = true> <Delay = 0.00>
ST_6 : Operation 97 [1/1] (0.00ns)   --->   "%tmp_15_cast = sext i8 %mask_load to i16" [img_conv_5x5.c:68]   --->   Operation 97 'sext' 'tmp_15_cast' <Predicate = true> <Delay = 0.00>
ST_6 : Operation 98 [1/1] (4.17ns)   --->   "%sum00 = mul i16 %tmp_14_cast, %tmp_15_cast" [img_conv_5x5.c:68]   --->   Operation 98 'mul' 'sum00' <Predicate = true> <Delay = 4.17> <Core = "Mul">   --->   Core 16 'Mul' <Latency = 0> <II = 1> <Delay = 4.17> <FuncUnit> <Opcode : 'mul'> <InPorts = 2> <OutPorts = 1>
ST_6 : Operation 99 [1/1] (0.00ns)   --->   "%sum00_cast = sext i16 %sum00 to i17" [img_conv_5x5.c:68]   --->   Operation 99 'sext' 'sum00_cast' <Predicate = true> <Delay = 0.00>
ST_6 : Operation 100 [1/1] (0.00ns)   --->   "%tmp_16_cast = zext i8 %inptr_load_1 to i16" [img_conv_5x5.c:69]   --->   Operation 100 'zext' 'tmp_16_cast' <Predicate = true> <Delay = 0.00>
ST_6 : Operation 101 [1/1] (0.00ns)   --->   "%tmp_17_cast = sext i8 %mask_load_1 to i16" [img_conv_5x5.c:69]   --->   Operation 101 'sext' 'tmp_17_cast' <Predicate = true> <Delay = 0.00>
ST_6 : Operation 102 [1/1] (3.36ns) (grouped into DSP with root node tmp9)   --->   "%sum11 = mul i16 %tmp_16_cast, %tmp_17_cast" [img_conv_5x5.c:69]   --->   Operation 102 'mul' 'sum11' <Predicate = true> <Delay = 3.36> <Core = "DSP48">   --->   Core 65 'DSP48' <Latency = 0> <II = 1> <Delay = 7.18> <IPBlock> <Opcode : 'mul' 'add' 'sub' 'select'> <InPorts = 0> <OutPorts = 1> <Sync> <CReg>
ST_6 : Operation 103 [1/1] (0.00ns) (grouped into DSP with root node tmp9)   --->   "%sum11_cast = sext i16 %sum11 to i17" [img_conv_5x5.c:69]   --->   Operation 103 'sext' 'sum11_cast' <Predicate = true> <Delay = 0.00>
ST_6 : Operation 104 [1/1] (0.00ns)   --->   "%tmp_20_cast = zext i8 %inptr_load_3 to i16" [img_conv_5x5.c:71]   --->   Operation 104 'zext' 'tmp_20_cast' <Predicate = true> <Delay = 0.00>
ST_6 : Operation 105 [1/1] (0.00ns)   --->   "%tmp_21_cast = sext i8 %mask_load_3 to i16" [img_conv_5x5.c:71]   --->   Operation 105 'sext' 'tmp_21_cast' <Predicate = true> <Delay = 0.00>
ST_6 : Operation 106 [1/1] (4.17ns)   --->   "%sum33 = mul i16 %tmp_20_cast, %tmp_21_cast" [img_conv_5x5.c:71]   --->   Operation 106 'mul' 'sum33' <Predicate = true> <Delay = 4.17> <Core = "Mul">   --->   Core 16 'Mul' <Latency = 0> <II = 1> <Delay = 4.17> <FuncUnit> <Opcode : 'mul'> <InPorts = 2> <OutPorts = 1>
ST_6 : Operation 107 [1/1] (3.82ns) (root node of the DSP)   --->   "%tmp9 = add i17 %sum00_cast, %sum11_cast" [img_conv_5x5.c:74]   --->   Operation 107 'add' 'tmp9' <Predicate = true> <Delay = 3.82> <Core = "DSP48">   --->   Core 65 'DSP48' <Latency = 0> <II = 1> <Delay = 7.18> <IPBlock> <Opcode : 'mul' 'add' 'sub' 'select'> <InPorts = 0> <OutPorts = 1> <Sync> <CReg>

State 7 <SV = 6> <Delay = 11.0>
ST_7 : Operation 108 [1/1] (0.00ns)   --->   "%tmp_18_cast = zext i8 %inptr_load_2 to i16" [img_conv_5x5.c:70]   --->   Operation 108 'zext' 'tmp_18_cast' <Predicate = true> <Delay = 0.00>
ST_7 : Operation 109 [1/1] (0.00ns)   --->   "%tmp_19_cast = sext i8 %mask_load_2 to i16" [img_conv_5x5.c:70]   --->   Operation 109 'sext' 'tmp_19_cast' <Predicate = true> <Delay = 0.00>
ST_7 : Operation 110 [1/1] (3.36ns) (grouped into DSP with root node tmp5)   --->   "%sum22 = mul i16 %tmp_18_cast, %tmp_19_cast" [img_conv_5x5.c:70]   --->   Operation 110 'mul' 'sum22' <Predicate = true> <Delay = 3.36> <Core = "DSP48">   --->   Core 65 'DSP48' <Latency = 0> <II = 1> <Delay = 7.18> <IPBlock> <Opcode : 'mul' 'add' 'sub' 'select'> <InPorts = 0> <OutPorts = 1> <Sync> <CReg>
ST_7 : Operation 111 [1/1] (0.00ns) (grouped into DSP with root node tmp5)   --->   "%sum22_cast = sext i16 %sum22 to i18" [img_conv_5x5.c:70]   --->   Operation 111 'sext' 'sum22_cast' <Predicate = true> <Delay = 0.00>
ST_7 : Operation 112 [1/1] (0.00ns)   --->   "%sum33_cast = sext i16 %sum33 to i17" [img_conv_5x5.c:71]   --->   Operation 112 'sext' 'sum33_cast' <Predicate = true> <Delay = 0.00>
ST_7 : Operation 113 [1/1] (0.00ns)   --->   "%tmp_22_cast = zext i8 %inptr_load_4 to i16" [img_conv_5x5.c:72]   --->   Operation 113 'zext' 'tmp_22_cast' <Predicate = true> <Delay = 0.00>
ST_7 : Operation 114 [1/1] (0.00ns)   --->   "%tmp_23_cast = sext i8 %mask_load_4 to i16" [img_conv_5x5.c:72]   --->   Operation 114 'sext' 'tmp_23_cast' <Predicate = true> <Delay = 0.00>
ST_7 : Operation 115 [1/1] (3.36ns) (grouped into DSP with root node tmp2)   --->   "%sum44 = mul i16 %tmp_22_cast, %tmp_23_cast" [img_conv_5x5.c:72]   --->   Operation 115 'mul' 'sum44' <Predicate = true> <Delay = 3.36> <Core = "DSP48">   --->   Core 65 'DSP48' <Latency = 0> <II = 1> <Delay = 7.18> <IPBlock> <Opcode : 'mul' 'add' 'sub' 'select'> <InPorts = 0> <OutPorts = 1> <Sync> <CReg>
ST_7 : Operation 116 [1/1] (0.00ns) (grouped into DSP with root node tmp2)   --->   "%sum44_cast = sext i16 %sum44 to i17" [img_conv_5x5.c:72]   --->   Operation 116 'sext' 'sum44_cast' <Predicate = true> <Delay = 0.00>
ST_7 : Operation 117 [1/1] (3.82ns) (root node of the DSP)   --->   "%tmp2 = add i17 %sum33_cast, %sum44_cast" [img_conv_5x5.c:74]   --->   Operation 117 'add' 'tmp2' <Predicate = true> <Delay = 3.82> <Core = "DSP48">   --->   Core 65 'DSP48' <Latency = 0> <II = 1> <Delay = 7.18> <IPBlock> <Opcode : 'mul' 'add' 'sub' 'select'> <InPorts = 0> <OutPorts = 1> <Sync> <CReg>
ST_7 : Operation 118 [1/1] (0.00ns)   --->   "%tmp14_cast = sext i17 %tmp2 to i18" [img_conv_5x5.c:74]   --->   Operation 118 'sext' 'tmp14_cast' <Predicate = true> <Delay = 0.00>
ST_7 : Operation 119 [1/1] (3.82ns) (root node of the DSP)   --->   "%tmp5 = add i18 %tmp14_cast, %sum22_cast" [img_conv_5x5.c:74]   --->   Operation 119 'add' 'tmp5' <Predicate = true> <Delay = 3.82> <Core = "DSP48">   --->   Core 65 'DSP48' <Latency = 0> <II = 1> <Delay = 7.18> <IPBlock> <Opcode : 'mul' 'add' 'sub' 'select'> <InPorts = 0> <OutPorts = 1> <Sync> <CReg>

State 8 <SV = 7> <Delay = 4.36>
ST_8 : Operation 120 [1/1] (0.00ns)   --->   "%tmp12_cast = sext i17 %tmp9 to i19" [img_conv_5x5.c:74]   --->   Operation 120 'sext' 'tmp12_cast' <Predicate = true> <Delay = 0.00>
ST_8 : Operation 121 [1/1] (0.00ns)   --->   "%tmp13_cast = sext i18 %tmp5 to i19" [img_conv_5x5.c:74]   --->   Operation 121 'sext' 'tmp13_cast' <Predicate = true> <Delay = 0.00>
ST_8 : Operation 122 [1/1] (2.13ns)   --->   "%tmp_13 = add i19 %tmp13_cast, %tmp12_cast" [img_conv_5x5.c:74]   --->   Operation 122 'add' 'tmp_13' <Predicate = true> <Delay = 2.13> <Core = "AddSub">   --->   Core 14 'AddSub' <Latency = 0> <II = 1> <Delay = 2.22> <FuncUnit> <Opcode : 'add' 'sub'> <InPorts = 2> <OutPorts = 1>
ST_8 : Operation 123 [1/1] (0.00ns)   --->   "%p_cast = sext i19 %tmp_13 to i21" [img_conv_5x5.c:74]   --->   Operation 123 'sext' 'p_cast' <Predicate = true> <Delay = 0.00>
ST_8 : Operation 124 [1/1] (2.22ns)   --->   "%sum_1 = add i21 %sum, %p_cast" [img_conv_5x5.c:74]   --->   Operation 124 'add' 'sum_1' <Predicate = true> <Delay = 2.22> <Core = "AddSub">   --->   Core 14 'AddSub' <Latency = 0> <II = 1> <Delay = 2.22> <FuncUnit> <Opcode : 'add' 'sub'> <InPorts = 2> <OutPorts = 1>
ST_8 : Operation 125 [1/1] (0.00ns)   --->   "br label %.preheader" [img_conv_5x5.c:53]   --->   Operation 125 'br' <Predicate = true> <Delay = 0.00>


============================================================
+ Verbose Summary: Timing violations
============================================================
Target clock period: 10ns, clock uncertainty: 1.25ns.

 <State 1>: 1.77ns
The critical path consists of the following:
	multiplexor before 'phi' operation ('IN4_0_rec', img_conv_5x5.c:80) with incoming values : ('p_rec', img_conv_5x5.c:80) [8]  (1.77 ns)

 <State 2>: 1.83ns
The critical path consists of the following:
	'phi' operation ('IN4_0_rec', img_conv_5x5.c:80) with incoming values : ('p_rec', img_conv_5x5.c:80) [8]  (0 ns)
	'add' operation ('p_rec', img_conv_5x5.c:80) [14]  (1.83 ns)

 <State 3>: 7.16ns
The critical path consists of the following:
	'phi' operation ('sum') with incoming values : ('sum', img_conv_5x5.c:74) [19]  (0 ns)
	'select' operation ('p_s', img_conv_5x5.c:85) [109]  (1.37 ns)
	'icmp' operation ('icmp', img_conv_5x5.c:86) [111]  (2.1 ns)
	'select' operation ('tmp_5', img_conv_5x5.c:88) [113]  (1.37 ns)
	'store' operation (img_conv_5x5.c:88) of variable 'tmp_5', img_conv_5x5.c:88 on array 'outptr' [114]  (2.32 ns)

 <State 4>: 5.23ns
The critical path consists of the following:
	'add' operation ('sum3', img_conv_5x5.c:57) [37]  (1.98 ns)
	'getelementptr' operation ('inptr_addr_1', img_conv_5x5.c:57) [39]  (0 ns)
	'load' operation ('inptr_load_1', img_conv_5x5.c:57) on array 'inptr' [40]  (3.25 ns)

 <State 5>: 5.23ns
The critical path consists of the following:
	'add' operation ('sum7', img_conv_5x5.c:59) [49]  (1.98 ns)
	'getelementptr' operation ('inptr_addr_3', img_conv_5x5.c:59) [51]  (0 ns)
	'load' operation ('inptr_load_3', img_conv_5x5.c:59) on array 'inptr' [52]  (3.25 ns)

 <State 6>: 7.99ns
The critical path consists of the following:
	'mul' operation ('sum00', img_conv_5x5.c:68) [79]  (4.17 ns)
	'add' operation of DSP[97] ('tmp9', img_conv_5x5.c:74) [97]  (3.82 ns)

 <State 7>: 11ns
The critical path consists of the following:
	'mul' operation of DSP[99] ('sum44', img_conv_5x5.c:72) [95]  (3.36 ns)
	'add' operation of DSP[99] ('tmp2', img_conv_5x5.c:74) [99]  (3.82 ns)
	'add' operation of DSP[101] ('tmp5', img_conv_5x5.c:74) [101]  (3.82 ns)

 <State 8>: 4.36ns
The critical path consists of the following:
	'add' operation ('tmp_13', img_conv_5x5.c:74) [103]  (2.14 ns)
	'add' operation ('sum', img_conv_5x5.c:74) [105]  (2.23 ns)


============================================================
+ Verbose Summary: Binding
============================================================
N/A
* FSMD analyzer results:
  - Output states:
 - Input state : 
  - Chain level:
	State 1
	State 2
	State 3
	State 4
	State 5
	State 6
	State 7
	State 8


============================================================
+ Verbose Summary: Datapath Resource usage 
============================================================
N/A
